// Jest Snapshot v1, https://goo.gl/fbAQLP

exports[`HeadingColumn renders correctly 1`] = `
<td>
  <span>
    Category
  </span>
</td>
`;
