// Jest Snapshot v1, https://goo.gl/fbAQLP

exports[`Notifications render correctly 1`] = `<tbody />`;
