// Jest Snapshot v1, https://goo.gl/fbAQLP

exports[`ReadAll renders correctly 1`] = `
<button
  onClick={[Function]}
>
  Mark all as read
</button>
`;
