// Jest Snapshot v1, https://goo.gl/fbAQLP

exports[`Table renders correctly 1`] = `
<table>
  <TableHeading />
  <Connect(Notifications) />
</table>
`;
